   Compiling tensor-adapter v0.1.0 (/Users/kevinxu/Documents/my-random-documents/projects/diff-fuzzer/crates/tensor-adapter)
    Finished `release` profile [optimized] target(s) in 6.68s
     Running `target/release/examples/campaign 50000 wide`
campaign: 50000 cases, wide bounds (rank <= 3, dim <= 64, |value| <= 1000)
  burn-ndarray vs burn-tch, tolerance derived per operation

  SKIPPED seed 10 (exp): all 1 elements were undefined or infinite on both sides; no arithmetic was compared
  shrank 91512 values -> 33480 values in 3 reductions (no simpler case still fails), saved to findings/matmul-721.json
  DIVERGED seed 721
    operation: matmul
    shapes:    [36, 14, 62] x [36, 62, 27]
    detail:    burn-ndarray vs burn-tch: 2 of 13608 elements differ, max relative error 1.000e0, max absolute error 3.095e26, worst at element 7481 (inf vs NaN) (rtol 1.4781951904296875e-5, atol 9.164810456478408e56)

  SKIPPED seed 1577 (exp): all 1 elements were undefined or infinite on both sides; no arithmetic was compared
  SKIPPED seed 4789 (exp): all 2 elements were undefined or infinite on both sides; no arithmetic was compared
  shrank 2419 values -> 928 values in 4 reductions (no simpler case still fails), saved to findings/matmul-6314.json
  DIVERGED seed 6314
    operation: matmul
    shapes:    [10, 59] x [59, 31]
    detail:    burn-ndarray vs burn-tch: 1 of 310 elements differ, max relative error 1.444e-6, max absolute error 3.095e26, worst at element 15 (inf vs NaN) (rtol 1.4066696166992188e-5, atol 8.299350988293793e56)

  SKIPPED seed 8179 (exp): all 1 elements were undefined or infinite on both sides; no arithmetic was compared
  SKIPPED seed 11698 (exp): all 1 elements were undefined or infinite on both sides; no arithmetic was compared
---
  agreed       49910
  diverged        70
  skipped         20
  1038 cases/sec (48.16s total)

  op          agreed  diverged   skipped
  abs           4846         0         0
  add           4959         0         0
  div           5081         0         0
  exp           4973         0        20
  matmul        5048        70         0
  mul           5004         0         0
  neg           4969         0         0
  sqrt          5091         0         0
  sub           5019         0         0
  sum           4920         0         0

  distinct problems: 2 (from 70 diverging cases)
         2x  matmul/rank2/undefined
        68x  matmul/rank3/undefined

  2 findings written to findings/campaign-wide.jsonl

  70 divergences to triage: reproducible? float noise? legal? real?
